
> site@0.1.0 build
> next build

Ôû▓ Next.js 16.1.6 (Turbopack)

  Creating an optimized production build ...
Ô£ô Compiled successfully in 2.5s
  Running TypeScript ...
  Collecting page data using 7 workers ...
  Generating static pages using 7 workers (0/11) ...
  Generating static pages using 7 workers (2/11) 
node.exe : Error 
occurred prerendering 
page "/_not-found". 
Read more: https://next
js.org/docs/messages/pr
erender-error
Au caractère 
C:\Program Files\nodejs
\npm.ps1:29 : 3
+   & $NODE_EXE 
$NPM_CLI_JS $args
+   ~~~~~~~~~~~~~~~~~~~
~~~~~~~~~~
    + CategoryInfo     
         : NotSpecifi  
  ed: (Error occurre   
 d ...prerender-err    
or:String) [], Rem    
oteException
    + FullyQualifiedEr 
   rorId : NativeComm  
  andError
 
Error: Event handlers 
cannot be passed to 
Client Component props.
  {src: ..., onError: 
function onError, alt: 
..., className: ...}
                      
^^^^^^^^^^^^^^^^
If you need 
interactivity, 
consider converting 
part of this to a 
Client Component.
    at stringify 
(<anonymous>) {
  digest: '2656371138'
}
Export encountered an 
error on 
/_not-found/page: 
/_not-found, exiting 
the build.
Ô¿» Next.js build 
worker exited with 
code: 1 and signal: 
null
